Object (fromList [("documentation_url",String "https://docs.github.com/rest/reference/gists#get-a-gist-revision"),("message",String "Not Found")])